// Jest Snapshot v1, https://goo.gl/fbAQLP

exports[`LandingPage should match snapshot 1`] = `
<styled.section>
  <styled.button
    disabled={true}
  >
    <GiAirBalloon
      className="hands"
      size={64}
    />
  </styled.button>
  <styled.h1>
    Agency
  </styled.h1>
  <styled.p>
    A Support System In Places
  </styled.p>
  <section>
    <styled.button
      onClick={[Function]}
      volunteer={true}
    >
      Volunteer
    </styled.button>
    <styled.button
      client={true}
      onClick={[Function]}
    >
      Client
    </styled.button>
  </section>
</styled.section>
`;
