// Jest Snapshot v1, https://goo.gl/fbAQLP

exports[`App should match snapshot 1`] = `
<section
  className="App"
>
  <Route
    path="/profile"
    render={[Function]}
  />
  <Route
    path="/user-form"
    render={[Function]}
  />
  <Route
    path="/"
    render={[Function]}
  />
  <Route
    component={
      Object {
        "$$typeof": Symbol(react.memo),
        "WrappedComponent": [Function],
        "compare": null,
        "displayName": "Connect(Schedule)",
        "type": [Function],
      }
    }
    exact={true}
    path="/schedule"
  />
  <Route
    component={[Function]}
    exact={true}
    path="/team"
  />
  <Route
    component={
      Object {
        "$$typeof": Symbol(react.memo),
        "WrappedComponent": [Function],
        "compare": null,
        "displayName": "Connect(Profile)",
        "type": [Function],
      }
    }
    exact={true}
    path="/profile"
  />
  <Route
    component={[Function]}
    exact={true}
    path="/about"
  />
</section>
`;
